// Jest Snapshot v1, https://goo.gl/fbAQLP

exports[`BrowsingMenu should render correctly 1`] = `ShallowWrapper {}`;
